// Jest Snapshot v1, https://goo.gl/fbAQLP

exports[`fragments 1`] = `
"Snapshot Diff:
- First value
+ Second value

  <DocumentFragment>
    <span>
-     hello
+     huh
    </span>
  </DocumentFragment>"
`;
